15:4: not a valid test operator:  
15:4: not a valid test operator: 12.4
21:4: not a valid test operator: (
21:4: not a valid test operator: 550.90.07
W0120 16:34:06.959000 65125 site-packages/torch/distributed/run.py:803] 
W0120 16:34:06.959000 65125 site-packages/torch/distributed/run.py:803] *****************************************
W0120 16:34:06.959000 65125 site-packages/torch/distributed/run.py:803] Setting OMP_NUM_THREADS environment variable for each process to be 1 in default, to avoid your system being overloaded, please further tune the variable for optimal performance in your application as needed. 
W0120 16:34:06.959000 65125 site-packages/torch/distributed/run.py:803] *****************************************
Traceback (most recent call last):
  File "/mnt/petrelfs/zhangsiyu/miniconda3/envs/cogvideox/lib/python3.10/site-packages/huggingface_hub/utils/_http.py", line 402, in hf_raise_for_status
Traceback (most recent call last):
  File "/mnt/petrelfs/zhangsiyu/miniconda3/envs/cogvideox/lib/python3.10/site-packages/huggingface_hub/utils/_http.py", line 402, in hf_raise_for_status
Traceback (most recent call last):
  File "/mnt/petrelfs/zhangsiyu/miniconda3/envs/cogvideox/lib/python3.10/site-packages/huggingface_hub/utils/_http.py", line 402, in hf_raise_for_status
Traceback (most recent call last):
  File "/mnt/petrelfs/zhangsiyu/miniconda3/envs/cogvideox/lib/python3.10/site-packages/huggingface_hub/utils/_http.py", line 402, in hf_raise_for_status
Traceback (most recent call last):
  File "/mnt/petrelfs/zhangsiyu/miniconda3/envs/cogvideox/lib/python3.10/site-packages/huggingface_hub/utils/_http.py", line 402, in hf_raise_for_status
Traceback (most recent call last):
  File "/mnt/petrelfs/zhangsiyu/miniconda3/envs/cogvideox/lib/python3.10/site-packages/huggingface_hub/utils/_http.py", line 402, in hf_raise_for_status
Traceback (most recent call last):
  File "/mnt/petrelfs/zhangsiyu/miniconda3/envs/cogvideox/lib/python3.10/site-packages/huggingface_hub/utils/_http.py", line 402, in hf_raise_for_status
                        response.raise_for_status()response.raise_for_status()    response.raise_for_status()response.raise_for_status()

response.raise_for_status()response.raise_for_status()

  File "/mnt/petrelfs/zhangsiyu/miniconda3/envs/cogvideox/lib/python3.10/site-packages/requests/models.py", line 1026, in raise_for_status
  File "/mnt/petrelfs/zhangsiyu/miniconda3/envs/cogvideox/lib/python3.10/site-packages/requests/models.py", line 1026, in raise_for_status


response.raise_for_status()  File "/mnt/petrelfs/zhangsiyu/miniconda3/envs/cogvideox/lib/python3.10/site-packages/requests/models.py", line 1026, in raise_for_status
  File "/mnt/petrelfs/zhangsiyu/miniconda3/envs/cogvideox/lib/python3.10/site-packages/requests/models.py", line 1026, in raise_for_status

  File "/mnt/petrelfs/zhangsiyu/miniconda3/envs/cogvideox/lib/python3.10/site-packages/requests/models.py", line 1026, in raise_for_status
  File "/mnt/petrelfs/zhangsiyu/miniconda3/envs/cogvideox/lib/python3.10/site-packages/requests/models.py", line 1026, in raise_for_status
  File "/mnt/petrelfs/zhangsiyu/miniconda3/envs/cogvideox/lib/python3.10/site-packages/requests/models.py", line 1026, in raise_for_status
                        raise HTTPError(http_error_msg, response=self)raise HTTPError(http_error_msg, response=self)raise HTTPError(http_error_msg, response=self)raise HTTPError(http_error_msg, response=self)raise HTTPError(http_error_msg, response=self)


raise HTTPError(http_error_msg, response=self)
    
requests.exceptions
requests.exceptionsrequests.exceptionsrequests.exceptions.raise HTTPError(http_error_msg, response=self)..requests.exceptions.requests.exceptionsHTTPError
HTTPErrorHTTPError.HTTPError.: : : HTTPError: HTTPErrorrequests.exceptions401 Client Error: Unauthorized for url: https://huggingface.co/THUDM/CogVideoX1.5-5B/resolve/main/tokenizer/tokenizer_config.json401 Client Error: Unauthorized for url: https://huggingface.co/THUDM/CogVideoX1.5-5B/resolve/main/tokenizer/tokenizer_config.json401 Client Error: Unauthorized for url: https://huggingface.co/THUDM/CogVideoX1.5-5B/resolve/main/tokenizer/tokenizer_config.json401 Client Error: Unauthorized for url: https://huggingface.co/THUDM/CogVideoX1.5-5B/resolve/main/tokenizer/tokenizer_config.json: : .



401 Client Error: Unauthorized for url: https://huggingface.co/THUDM/CogVideoX1.5-5B/resolve/main/tokenizer/tokenizer_config.json401 Client Error: Unauthorized for url: https://huggingface.co/THUDM/CogVideoX1.5-5B/resolve/main/tokenizer/tokenizer_config.jsonHTTPError
The above exception was the direct cause of the following exception:


The above exception was the direct cause of the following exception:


The above exception was the direct cause of the following exception:


The above exception was the direct cause of the following exception:



: Traceback (most recent call last):
Traceback (most recent call last):
Traceback (most recent call last):

The above exception was the direct cause of the following exception:

Traceback (most recent call last):

The above exception was the direct cause of the following exception:

401 Client Error: Unauthorized for url: https://huggingface.co/THUDM/CogVideoX1.5-5B/resolve/main/tokenizer/tokenizer_config.json  File "/mnt/petrelfs/zhangsiyu/miniconda3/envs/cogvideox/lib/python3.10/site-packages/transformers/utils/hub.py", line 479, in cached_files
Traceback (most recent call last):
  File "/mnt/petrelfs/zhangsiyu/miniconda3/envs/cogvideox/lib/python3.10/site-packages/transformers/utils/hub.py", line 479, in cached_files
Traceback (most recent call last):

  File "/mnt/petrelfs/zhangsiyu/miniconda3/envs/cogvideox/lib/python3.10/site-packages/transformers/utils/hub.py", line 479, in cached_files
  File "/mnt/petrelfs/zhangsiyu/miniconda3/envs/cogvideox/lib/python3.10/site-packages/transformers/utils/hub.py", line 479, in cached_files

The above exception was the direct cause of the following exception:

  File "/mnt/petrelfs/zhangsiyu/miniconda3/envs/cogvideox/lib/python3.10/site-packages/transformers/utils/hub.py", line 479, in cached_files
  File "/mnt/petrelfs/zhangsiyu/miniconda3/envs/cogvideox/lib/python3.10/site-packages/transformers/utils/hub.py", line 479, in cached_files
Traceback (most recent call last):
  File "/mnt/petrelfs/zhangsiyu/miniconda3/envs/cogvideox/lib/python3.10/site-packages/transformers/utils/hub.py", line 479, in cached_files
                        hf_hub_download(hf_hub_download(hf_hub_download(hf_hub_download(hf_hub_download(    




  File "/mnt/petrelfs/zhangsiyu/miniconda3/envs/cogvideox/lib/python3.10/site-packages/huggingface_hub/utils/_validators.py", line 114, in _inner_fn
  File "/mnt/petrelfs/zhangsiyu/miniconda3/envs/cogvideox/lib/python3.10/site-packages/huggingface_hub/utils/_validators.py", line 114, in _inner_fn
  File "/mnt/petrelfs/zhangsiyu/miniconda3/envs/cogvideox/lib/python3.10/site-packages/huggingface_hub/utils/_validators.py", line 114, in _inner_fn
  File "/mnt/petrelfs/zhangsiyu/miniconda3/envs/cogvideox/lib/python3.10/site-packages/huggingface_hub/utils/_validators.py", line 114, in _inner_fn
hf_hub_download(  File "/mnt/petrelfs/zhangsiyu/miniconda3/envs/cogvideox/lib/python3.10/site-packages/huggingface_hub/utils/_validators.py", line 114, in _inner_fn
hf_hub_download(

  File "/mnt/petrelfs/zhangsiyu/miniconda3/envs/cogvideox/lib/python3.10/site-packages/huggingface_hub/utils/_validators.py", line 114, in _inner_fn
  File "/mnt/petrelfs/zhangsiyu/miniconda3/envs/cogvideox/lib/python3.10/site-packages/huggingface_hub/utils/_validators.py", line 114, in _inner_fn
                            return fn(*args, **kwargs)return fn(*args, **kwargs)return fn(*args, **kwargs)return fn(*args, **kwargs)return fn(*args, **kwargs)



return fn(*args, **kwargs)
  File "/mnt/petrelfs/zhangsiyu/miniconda3/envs/cogvideox/lib/python3.10/site-packages/huggingface_hub/file_download.py", line 1007, in hf_hub_download
  File "/mnt/petrelfs/zhangsiyu/miniconda3/envs/cogvideox/lib/python3.10/site-packages/huggingface_hub/file_download.py", line 1007, in hf_hub_download
  File "/mnt/petrelfs/zhangsiyu/miniconda3/envs/cogvideox/lib/python3.10/site-packages/huggingface_hub/file_download.py", line 1007, in hf_hub_download
  File "/mnt/petrelfs/zhangsiyu/miniconda3/envs/cogvideox/lib/python3.10/site-packages/huggingface_hub/file_download.py", line 1007, in hf_hub_download

  File "/mnt/petrelfs/zhangsiyu/miniconda3/envs/cogvideox/lib/python3.10/site-packages/huggingface_hub/file_download.py", line 1007, in hf_hub_download
  File "/mnt/petrelfs/zhangsiyu/miniconda3/envs/cogvideox/lib/python3.10/site-packages/huggingface_hub/file_download.py", line 1007, in hf_hub_download
return fn(*args, **kwargs)
  File "/mnt/petrelfs/zhangsiyu/miniconda3/envs/cogvideox/lib/python3.10/site-packages/huggingface_hub/file_download.py", line 1007, in hf_hub_download
Traceback (most recent call last):
  File "/mnt/petrelfs/zhangsiyu/miniconda3/envs/cogvideox/lib/python3.10/site-packages/huggingface_hub/utils/_http.py", line 402, in hf_raise_for_status
    response.raise_for_status()
  File "/mnt/petrelfs/zhangsiyu/miniconda3/envs/cogvideox/lib/python3.10/site-packages/requests/models.py", line 1026, in raise_for_status
    raise HTTPError(http_error_msg, response=self)
requests.exceptions.HTTPError: 401 Client Error: Unauthorized for url: https://huggingface.co/THUDM/CogVideoX1.5-5B/resolve/main/tokenizer/tokenizer_config.json

The above exception was the direct cause of the following exception:

Traceback (most recent call last):
  File "/mnt/petrelfs/zhangsiyu/miniconda3/envs/cogvideox/lib/python3.10/site-packages/transformers/utils/hub.py", line 479, in cached_files
    hf_hub_download(
  File "/mnt/petrelfs/zhangsiyu/miniconda3/envs/cogvideox/lib/python3.10/site-packages/huggingface_hub/utils/_validators.py", line 114, in _inner_fn
    return fn(*args, **kwargs)
  File "/mnt/petrelfs/zhangsiyu/miniconda3/envs/cogvideox/lib/python3.10/site-packages/huggingface_hub/file_download.py", line 1007, in hf_hub_download
                    return _hf_hub_download_to_cache_dir(        return _hf_hub_download_to_cache_dir(return _hf_hub_download_to_cache_dir(return _hf_hub_download_to_cache_dir(
return _hf_hub_download_to_cache_dir(


  File "/mnt/petrelfs/zhangsiyu/miniconda3/envs/cogvideox/lib/python3.10/site-packages/huggingface_hub/file_download.py", line 1114, in _hf_hub_download_to_cache_dir
    return _hf_hub_download_to_cache_dir(return _hf_hub_download_to_cache_dir(
  File "/mnt/petrelfs/zhangsiyu/miniconda3/envs/cogvideox/lib/python3.10/site-packages/huggingface_hub/file_download.py", line 1114, in _hf_hub_download_to_cache_dir
  File "/mnt/petrelfs/zhangsiyu/miniconda3/envs/cogvideox/lib/python3.10/site-packages/huggingface_hub/file_download.py", line 1114, in _hf_hub_download_to_cache_dir
  File "/mnt/petrelfs/zhangsiyu/miniconda3/envs/cogvideox/lib/python3.10/site-packages/huggingface_hub/file_download.py", line 1114, in _hf_hub_download_to_cache_dir


  File "/mnt/petrelfs/zhangsiyu/miniconda3/envs/cogvideox/lib/python3.10/site-packages/huggingface_hub/file_download.py", line 1114, in _hf_hub_download_to_cache_dir
  File "/mnt/petrelfs/zhangsiyu/miniconda3/envs/cogvideox/lib/python3.10/site-packages/huggingface_hub/file_download.py", line 1114, in _hf_hub_download_to_cache_dir
  File "/mnt/petrelfs/zhangsiyu/miniconda3/envs/cogvideox/lib/python3.10/site-packages/huggingface_hub/file_download.py", line 1114, in _hf_hub_download_to_cache_dir
return _hf_hub_download_to_cache_dir(
  File "/mnt/petrelfs/zhangsiyu/miniconda3/envs/cogvideox/lib/python3.10/site-packages/huggingface_hub/file_download.py", line 1114, in _hf_hub_download_to_cache_dir
                _raise_on_head_call_error(head_call_error, force_download, local_files_only)_raise_on_head_call_error(head_call_error, force_download, local_files_only)_raise_on_head_call_error(head_call_error, force_download, local_files_only)_raise_on_head_call_error(head_call_error, force_download, local_files_only)

    
    
  File "/mnt/petrelfs/zhangsiyu/miniconda3/envs/cogvideox/lib/python3.10/site-packages/huggingface_hub/file_download.py", line 1655, in _raise_on_head_call_error
  File "/mnt/petrelfs/zhangsiyu/miniconda3/envs/cogvideox/lib/python3.10/site-packages/huggingface_hub/file_download.py", line 1655, in _raise_on_head_call_error
  File "/mnt/petrelfs/zhangsiyu/miniconda3/envs/cogvideox/lib/python3.10/site-packages/huggingface_hub/file_download.py", line 1655, in _raise_on_head_call_error
_raise_on_head_call_error(head_call_error, force_download, local_files_only)  File "/mnt/petrelfs/zhangsiyu/miniconda3/envs/cogvideox/lib/python3.10/site-packages/huggingface_hub/file_download.py", line 1655, in _raise_on_head_call_error
_raise_on_head_call_error(head_call_error, force_download, local_files_only)    

_raise_on_head_call_error(head_call_error, force_download, local_files_only)  File "/mnt/petrelfs/zhangsiyu/miniconda3/envs/cogvideox/lib/python3.10/site-packages/huggingface_hub/file_download.py", line 1655, in _raise_on_head_call_error
  File "/mnt/petrelfs/zhangsiyu/miniconda3/envs/cogvideox/lib/python3.10/site-packages/huggingface_hub/file_download.py", line 1655, in _raise_on_head_call_error

  File "/mnt/petrelfs/zhangsiyu/miniconda3/envs/cogvideox/lib/python3.10/site-packages/huggingface_hub/file_download.py", line 1655, in _raise_on_head_call_error
    _raise_on_head_call_error(head_call_error, force_download, local_files_only)
  File "/mnt/petrelfs/zhangsiyu/miniconda3/envs/cogvideox/lib/python3.10/site-packages/huggingface_hub/file_download.py", line 1655, in _raise_on_head_call_error
                raise head_call_error        raise head_call_errorraise head_call_errorraise head_call_error
raise head_call_error


raise head_call_error      File "/mnt/petrelfs/zhangsiyu/miniconda3/envs/cogvideox/lib/python3.10/site-packages/huggingface_hub/file_download.py", line 1543, in _get_metadata_or_catch_error

  File "/mnt/petrelfs/zhangsiyu/miniconda3/envs/cogvideox/lib/python3.10/site-packages/huggingface_hub/file_download.py", line 1543, in _get_metadata_or_catch_error
  File "/mnt/petrelfs/zhangsiyu/miniconda3/envs/cogvideox/lib/python3.10/site-packages/huggingface_hub/file_download.py", line 1543, in _get_metadata_or_catch_error

  File "/mnt/petrelfs/zhangsiyu/miniconda3/envs/cogvideox/lib/python3.10/site-packages/huggingface_hub/file_download.py", line 1543, in _get_metadata_or_catch_error
raise head_call_error  File "/mnt/petrelfs/zhangsiyu/miniconda3/envs/cogvideox/lib/python3.10/site-packages/huggingface_hub/file_download.py", line 1543, in _get_metadata_or_catch_error
  File "/mnt/petrelfs/zhangsiyu/miniconda3/envs/cogvideox/lib/python3.10/site-packages/huggingface_hub/file_download.py", line 1543, in _get_metadata_or_catch_error

  File "/mnt/petrelfs/zhangsiyu/miniconda3/envs/cogvideox/lib/python3.10/site-packages/huggingface_hub/file_download.py", line 1543, in _get_metadata_or_catch_error
    raise head_call_error
  File "/mnt/petrelfs/zhangsiyu/miniconda3/envs/cogvideox/lib/python3.10/site-packages/huggingface_hub/file_download.py", line 1543, in _get_metadata_or_catch_error
                metadata = get_hf_file_metadata(metadata = get_hf_file_metadata(metadata = get_hf_file_metadata(metadata = get_hf_file_metadata(        



metadata = get_hf_file_metadata(metadata = get_hf_file_metadata(  File "/mnt/petrelfs/zhangsiyu/miniconda3/envs/cogvideox/lib/python3.10/site-packages/huggingface_hub/utils/_validators.py", line 114, in _inner_fn
  File "/mnt/petrelfs/zhangsiyu/miniconda3/envs/cogvideox/lib/python3.10/site-packages/huggingface_hub/utils/_validators.py", line 114, in _inner_fn
  File "/mnt/petrelfs/zhangsiyu/miniconda3/envs/cogvideox/lib/python3.10/site-packages/huggingface_hub/utils/_validators.py", line 114, in _inner_fn
  File "/mnt/petrelfs/zhangsiyu/miniconda3/envs/cogvideox/lib/python3.10/site-packages/huggingface_hub/utils/_validators.py", line 114, in _inner_fn


      File "/mnt/petrelfs/zhangsiyu/miniconda3/envs/cogvideox/lib/python3.10/site-packages/huggingface_hub/utils/_validators.py", line 114, in _inner_fn
  File "/mnt/petrelfs/zhangsiyu/miniconda3/envs/cogvideox/lib/python3.10/site-packages/huggingface_hub/utils/_validators.py", line 114, in _inner_fn
metadata = get_hf_file_metadata(
  File "/mnt/petrelfs/zhangsiyu/miniconda3/envs/cogvideox/lib/python3.10/site-packages/huggingface_hub/utils/_validators.py", line 114, in _inner_fn
                    return fn(*args, **kwargs)return fn(*args, **kwargs)return fn(*args, **kwargs)return fn(*args, **kwargs)return fn(*args, **kwargs)




      File "/mnt/petrelfs/zhangsiyu/miniconda3/envs/cogvideox/lib/python3.10/site-packages/huggingface_hub/file_download.py", line 1460, in get_hf_file_metadata
  File "/mnt/petrelfs/zhangsiyu/miniconda3/envs/cogvideox/lib/python3.10/site-packages/huggingface_hub/file_download.py", line 1460, in get_hf_file_metadata
  File "/mnt/petrelfs/zhangsiyu/miniconda3/envs/cogvideox/lib/python3.10/site-packages/huggingface_hub/file_download.py", line 1460, in get_hf_file_metadata
      File "/mnt/petrelfs/zhangsiyu/miniconda3/envs/cogvideox/lib/python3.10/site-packages/huggingface_hub/file_download.py", line 1460, in get_hf_file_metadata
  File "/mnt/petrelfs/zhangsiyu/miniconda3/envs/cogvideox/lib/python3.10/site-packages/huggingface_hub/file_download.py", line 1460, in get_hf_file_metadata
return fn(*args, **kwargs)return fn(*args, **kwargs)

  File "/mnt/petrelfs/zhangsiyu/miniconda3/envs/cogvideox/lib/python3.10/site-packages/huggingface_hub/file_download.py", line 1460, in get_hf_file_metadata
  File "/mnt/petrelfs/zhangsiyu/miniconda3/envs/cogvideox/lib/python3.10/site-packages/huggingface_hub/file_download.py", line 1460, in get_hf_file_metadata
    metadata = get_hf_file_metadata(
  File "/mnt/petrelfs/zhangsiyu/miniconda3/envs/cogvideox/lib/python3.10/site-packages/huggingface_hub/utils/_validators.py", line 114, in _inner_fn
    return fn(*args, **kwargs)
  File "/mnt/petrelfs/zhangsiyu/miniconda3/envs/cogvideox/lib/python3.10/site-packages/huggingface_hub/file_download.py", line 1460, in get_hf_file_metadata
                    r = _request_wrapper(r = _request_wrapper(r = _request_wrapper(r = _request_wrapper(r = _request_wrapper(    




  File "/mnt/petrelfs/zhangsiyu/miniconda3/envs/cogvideox/lib/python3.10/site-packages/huggingface_hub/file_download.py", line 283, in _request_wrapper
  File "/mnt/petrelfs/zhangsiyu/miniconda3/envs/cogvideox/lib/python3.10/site-packages/huggingface_hub/file_download.py", line 283, in _request_wrapper
r = _request_wrapper(  File "/mnt/petrelfs/zhangsiyu/miniconda3/envs/cogvideox/lib/python3.10/site-packages/huggingface_hub/file_download.py", line 283, in _request_wrapper
  File "/mnt/petrelfs/zhangsiyu/miniconda3/envs/cogvideox/lib/python3.10/site-packages/huggingface_hub/file_download.py", line 283, in _request_wrapper
  File "/mnt/petrelfs/zhangsiyu/miniconda3/envs/cogvideox/lib/python3.10/site-packages/huggingface_hub/file_download.py", line 283, in _request_wrapper

      File "/mnt/petrelfs/zhangsiyu/miniconda3/envs/cogvideox/lib/python3.10/site-packages/huggingface_hub/file_download.py", line 283, in _request_wrapper
r = _request_wrapper(
  File "/mnt/petrelfs/zhangsiyu/miniconda3/envs/cogvideox/lib/python3.10/site-packages/huggingface_hub/file_download.py", line 283, in _request_wrapper
                    response = _request_wrapper(response = _request_wrapper(response = _request_wrapper(response = _request_wrapper(response = _request_wrapper(    




response = _request_wrapper(  File "/mnt/petrelfs/zhangsiyu/miniconda3/envs/cogvideox/lib/python3.10/site-packages/huggingface_hub/file_download.py", line 307, in _request_wrapper
  File "/mnt/petrelfs/zhangsiyu/miniconda3/envs/cogvideox/lib/python3.10/site-packages/huggingface_hub/file_download.py", line 307, in _request_wrapper
  File "/mnt/petrelfs/zhangsiyu/miniconda3/envs/cogvideox/lib/python3.10/site-packages/huggingface_hub/file_download.py", line 307, in _request_wrapper
  File "/mnt/petrelfs/zhangsiyu/miniconda3/envs/cogvideox/lib/python3.10/site-packages/huggingface_hub/file_download.py", line 307, in _request_wrapper
  File "/mnt/petrelfs/zhangsiyu/miniconda3/envs/cogvideox/lib/python3.10/site-packages/huggingface_hub/file_download.py", line 307, in _request_wrapper
    
  File "/mnt/petrelfs/zhangsiyu/miniconda3/envs/cogvideox/lib/python3.10/site-packages/huggingface_hub/file_download.py", line 307, in _request_wrapper
response = _request_wrapper(
      File "/mnt/petrelfs/zhangsiyu/miniconda3/envs/cogvideox/lib/python3.10/site-packages/huggingface_hub/file_download.py", line 307, in _request_wrapper
r = _request_wrapper(
  File "/mnt/petrelfs/zhangsiyu/miniconda3/envs/cogvideox/lib/python3.10/site-packages/huggingface_hub/file_download.py", line 283, in _request_wrapper
                        hf_raise_for_status(response)hf_raise_for_status(response)hf_raise_for_status(response)hf_raise_for_status(response)hf_raise_for_status(response)hf_raise_for_status(response)





  File "/mnt/petrelfs/zhangsiyu/miniconda3/envs/cogvideox/lib/python3.10/site-packages/huggingface_hub/utils/_http.py", line 452, in hf_raise_for_status
  File "/mnt/petrelfs/zhangsiyu/miniconda3/envs/cogvideox/lib/python3.10/site-packages/huggingface_hub/utils/_http.py", line 452, in hf_raise_for_status
  File "/mnt/petrelfs/zhangsiyu/miniconda3/envs/cogvideox/lib/python3.10/site-packages/huggingface_hub/utils/_http.py", line 452, in hf_raise_for_status
      File "/mnt/petrelfs/zhangsiyu/miniconda3/envs/cogvideox/lib/python3.10/site-packages/huggingface_hub/utils/_http.py", line 452, in hf_raise_for_status
  File "/mnt/petrelfs/zhangsiyu/miniconda3/envs/cogvideox/lib/python3.10/site-packages/huggingface_hub/utils/_http.py", line 452, in hf_raise_for_status
  File "/mnt/petrelfs/zhangsiyu/miniconda3/envs/cogvideox/lib/python3.10/site-packages/huggingface_hub/utils/_http.py", line 452, in hf_raise_for_status
hf_raise_for_status(response)
      File "/mnt/petrelfs/zhangsiyu/miniconda3/envs/cogvideox/lib/python3.10/site-packages/huggingface_hub/utils/_http.py", line 452, in hf_raise_for_status
response = _request_wrapper(
  File "/mnt/petrelfs/zhangsiyu/miniconda3/envs/cogvideox/lib/python3.10/site-packages/huggingface_hub/file_download.py", line 307, in _request_wrapper
                    raise _format(RepositoryNotFoundError, message, response) from eraise _format(RepositoryNotFoundError, message, response) from eraise _format(RepositoryNotFoundError, message, response) from e    raise _format(RepositoryNotFoundError, message, response) from e
    raise _format(RepositoryNotFoundError, message, response) from e

    
raise _format(RepositoryNotFoundError, message, response) from ehuggingface_hub.errors
huggingface_hub.errorsraise _format(RepositoryNotFoundError, message, response) from ehuggingface_hub.errors
hf_raise_for_status(response)huggingface_hub.errors.huggingface_hub.errors.
.huggingface_hub.errors.
RepositoryNotFoundError.RepositoryNotFoundErrorRepositoryNotFoundErrorhuggingface_hub.errors.RepositoryNotFoundError:   File "/mnt/petrelfs/zhangsiyu/miniconda3/envs/cogvideox/lib/python3.10/site-packages/huggingface_hub/utils/_http.py", line 452, in hf_raise_for_status
RepositoryNotFoundError: : .RepositoryNotFoundError: 401 Client Error. (Request ID: Root=1-696f3e2c-3d78989c0f61d3124d72f532;fa3729b5-e5a0-4fda-a0e7-306a647356c9)

Repository Not Found for url: https://huggingface.co/THUDM/CogVideoX1.5-5B/resolve/main/tokenizer/tokenizer_config.json.
Please make sure you specified the correct `repo_id` and `repo_type`.
If you are trying to access a private or gated repo, make sure you are authenticated. For more details, see https://huggingface.co/docs/huggingface_hub/authentication
User Access Token "sy" is expired: 401 Client Error. (Request ID: Root=1-696f3e2c-7129ea0813648ec44ccd2a43;d31a627b-678c-4647-9ad0-98bc6637b68a)

Repository Not Found for url: https://huggingface.co/THUDM/CogVideoX1.5-5B/resolve/main/tokenizer/tokenizer_config.json.
Please make sure you specified the correct `repo_id` and `repo_type`.
If you are trying to access a private or gated repo, make sure you are authenticated. For more details, see https://huggingface.co/docs/huggingface_hub/authentication
User Access Token "sy" is expired401 Client Error. (Request ID: Root=1-696f3e2c-04e0810f6e2a816752348924;e85ca23d-2616-4e75-a39d-21c56eb6b1cb)

Repository Not Found for url: https://huggingface.co/THUDM/CogVideoX1.5-5B/resolve/main/tokenizer/tokenizer_config.json.
Please make sure you specified the correct `repo_id` and `repo_type`.
If you are trying to access a private or gated repo, make sure you are authenticated. For more details, see https://huggingface.co/docs/huggingface_hub/authentication
User Access Token "sy" is expiredRepositoryNotFoundError: 401 Client Error. (Request ID: Root=1-696f3e2c-064a4f97305a8f4d4adf4696;ede4ad56-b17d-4f6a-9959-afe63e7ceccd)

Repository Not Found for url: https://huggingface.co/THUDM/CogVideoX1.5-5B/resolve/main/tokenizer/tokenizer_config.json.
Please make sure you specified the correct `repo_id` and `repo_type`.
If you are trying to access a private or gated repo, make sure you are authenticated. For more details, see https://huggingface.co/docs/huggingface_hub/authentication
User Access Token "sy" is expired

401 Client Error. (Request ID: Root=1-696f3e2c-22c290071748b88467ebe8b3;eadd5756-d83c-492b-984e-cf5a32fb78b5)

Repository Not Found for url: https://huggingface.co/THUDM/CogVideoX1.5-5B/resolve/main/tokenizer/tokenizer_config.json.
Please make sure you specified the correct `repo_id` and `repo_type`.
If you are trying to access a private or gated repo, make sure you are authenticated. For more details, see https://huggingface.co/docs/huggingface_hub/authentication
User Access Token "sy" is expired
: 401 Client Error. (Request ID: Root=1-696f3e2c-660a68525ea6bb722af3bcad;4670b0be-e129-4fcc-96ec-dc8b4ed2cfc1)

Repository Not Found for url: https://huggingface.co/THUDM/CogVideoX1.5-5B/resolve/main/tokenizer/tokenizer_config.json.
Please make sure you specified the correct `repo_id` and `repo_type`.
If you are trying to access a private or gated repo, make sure you are authenticated. For more details, see https://huggingface.co/docs/huggingface_hub/authentication
User Access Token "sy" is expired

The above exception was the direct cause of the following exception:


The above exception was the direct cause of the following exception:



The above exception was the direct cause of the following exception:

401 Client Error. (Request ID: Root=1-696f3e2c-08a059117c804b1c2ebbee74;f62a049c-2b94-414b-be05-1ae8a111984a)

Repository Not Found for url: https://huggingface.co/THUDM/CogVideoX1.5-5B/resolve/main/tokenizer/tokenizer_config.json.
Please make sure you specified the correct `repo_id` and `repo_type`.
If you are trying to access a private or gated repo, make sure you are authenticated. For more details, see https://huggingface.co/docs/huggingface_hub/authentication
User Access Token "sy" is expired

The above exception was the direct cause of the following exception:

Traceback (most recent call last):

The above exception was the direct cause of the following exception:

Traceback (most recent call last):
Traceback (most recent call last):


The above exception was the direct cause of the following exception:

Traceback (most recent call last):
  File "/mnt/petrelfs/zhangsiyu/4dgen/CogVideo/finetune/train.py", line 19, in <module>
Traceback (most recent call last):
  File "/mnt/petrelfs/zhangsiyu/4dgen/CogVideo/finetune/train.py", line 19, in <module>
  File "/mnt/petrelfs/zhangsiyu/4dgen/CogVideo/finetune/train.py", line 19, in <module>

The above exception was the direct cause of the following exception:

Traceback (most recent call last):
  File "/mnt/petrelfs/zhangsiyu/4dgen/CogVideo/finetune/train.py", line 19, in <module>
  File "/mnt/petrelfs/zhangsiyu/4dgen/CogVideo/finetune/train.py", line 19, in <module>
Traceback (most recent call last):
  File "/mnt/petrelfs/zhangsiyu/4dgen/CogVideo/finetune/train.py", line 19, in <module>
  File "/mnt/petrelfs/zhangsiyu/4dgen/CogVideo/finetune/train.py", line 19, in <module>
                            raise _format(RepositoryNotFoundError, message, response) from emain()main()main()main()    main()
main()




main()
  File "/mnt/petrelfs/zhangsiyu/4dgen/CogVideo/finetune/train.py", line 14, in main
  File "/mnt/petrelfs/zhangsiyu/4dgen/CogVideo/finetune/train.py", line 14, in main
huggingface_hub.errors  File "/mnt/petrelfs/zhangsiyu/4dgen/CogVideo/finetune/train.py", line 14, in main
  File "/mnt/petrelfs/zhangsiyu/4dgen/CogVideo/finetune/train.py", line 14, in main
  File "/mnt/petrelfs/zhangsiyu/4dgen/CogVideo/finetune/train.py", line 14, in main

  File "/mnt/petrelfs/zhangsiyu/4dgen/CogVideo/finetune/train.py", line 14, in main
.  File "/mnt/petrelfs/zhangsiyu/4dgen/CogVideo/finetune/train.py", line 14, in main
RepositoryNotFoundError: 401 Client Error. (Request ID: Root=1-696f3e2c-7a8e73901eeb67a721c38158;7e5656fa-01f4-4430-84eb-813f95ea0ae6)

Repository Not Found for url: https://huggingface.co/THUDM/CogVideoX1.5-5B/resolve/main/tokenizer/tokenizer_config.json.
Please make sure you specified the correct `repo_id` and `repo_type`.
If you are trying to access a private or gated repo, make sure you are authenticated. For more details, see https://huggingface.co/docs/huggingface_hub/authentication
User Access Token "sy" is expired
    
The above exception was the direct cause of the following exception:

                    trainer = trainer_cls(args)trainer = trainer_cls(args)Traceback (most recent call last):
trainer = trainer_cls(args)    trainer = trainer_cls(args)trainer = trainer_cls(args)trainer = trainer_cls(args)


  File "/mnt/petrelfs/zhangsiyu/4dgen/CogVideo/finetune/train.py", line 19, in <module>


trainer = trainer_cls(args)
  File "/mnt/petrelfs/zhangsiyu/4dgen/CogVideo/finetune/trainer.py", line 75, in __init__
  File "/mnt/petrelfs/zhangsiyu/4dgen/CogVideo/finetune/trainer.py", line 75, in __init__
  File "/mnt/petrelfs/zhangsiyu/4dgen/CogVideo/finetune/trainer.py", line 75, in __init__
  File "/mnt/petrelfs/zhangsiyu/4dgen/CogVideo/finetune/trainer.py", line 75, in __init__

  File "/mnt/petrelfs/zhangsiyu/4dgen/CogVideo/finetune/trainer.py", line 75, in __init__
  File "/mnt/petrelfs/zhangsiyu/4dgen/CogVideo/finetune/trainer.py", line 75, in __init__
  File "/mnt/petrelfs/zhangsiyu/4dgen/CogVideo/finetune/trainer.py", line 75, in __init__
    main()
  File "/mnt/petrelfs/zhangsiyu/4dgen/CogVideo/finetune/train.py", line 14, in main
    trainer = trainer_cls(args)
  File "/mnt/petrelfs/zhangsiyu/4dgen/CogVideo/finetune/trainer.py", line 75, in __init__
                                self.components: Components = self.load_components()self.components: Components = self.load_components()self.components: Components = self.load_components()self.components: Components = self.load_components()self.components: Components = self.load_components()self.components: Components = self.load_components()self.components: Components = self.load_components()self.components: Components = self.load_components()







  File "/mnt/petrelfs/zhangsiyu/4dgen/CogVideo/finetune/models/cogvideox_t2v/lora_trainer.py", line 32, in load_components
  File "/mnt/petrelfs/zhangsiyu/4dgen/CogVideo/finetune/models/cogvideox_t2v/lora_trainer.py", line 32, in load_components
  File "/mnt/petrelfs/zhangsiyu/4dgen/CogVideo/finetune/models/cogvideox_t2v/lora_trainer.py", line 32, in load_components
  File "/mnt/petrelfs/zhangsiyu/4dgen/CogVideo/finetune/models/cogvideox_t2v/lora_trainer.py", line 32, in load_components
  File "/mnt/petrelfs/zhangsiyu/4dgen/CogVideo/finetune/models/cogvideox_t2v/lora_trainer.py", line 32, in load_components
  File "/mnt/petrelfs/zhangsiyu/4dgen/CogVideo/finetune/models/cogvideox_t2v/lora_trainer.py", line 32, in load_components
  File "/mnt/petrelfs/zhangsiyu/4dgen/CogVideo/finetune/models/cogvideox_t2v/lora_trainer.py", line 32, in load_components
  File "/mnt/petrelfs/zhangsiyu/4dgen/CogVideo/finetune/models/cogvideox_t2v/lora_trainer.py", line 32, in load_components
                                components.tokenizer = AutoTokenizer.from_pretrained(model_path, subfolder="tokenizer")components.tokenizer = AutoTokenizer.from_pretrained(model_path, subfolder="tokenizer")components.tokenizer = AutoTokenizer.from_pretrained(model_path, subfolder="tokenizer")components.tokenizer = AutoTokenizer.from_pretrained(model_path, subfolder="tokenizer")components.tokenizer = AutoTokenizer.from_pretrained(model_path, subfolder="tokenizer")components.tokenizer = AutoTokenizer.from_pretrained(model_path, subfolder="tokenizer")components.tokenizer = AutoTokenizer.from_pretrained(model_path, subfolder="tokenizer")

components.tokenizer = AutoTokenizer.from_pretrained(model_path, subfolder="tokenizer")




  File "/mnt/petrelfs/zhangsiyu/miniconda3/envs/cogvideox/lib/python3.10/site-packages/transformers/models/auto/tokenization_auto.py", line 1089, in from_pretrained

  File "/mnt/petrelfs/zhangsiyu/miniconda3/envs/cogvideox/lib/python3.10/site-packages/transformers/models/auto/tokenization_auto.py", line 1089, in from_pretrained
  File "/mnt/petrelfs/zhangsiyu/miniconda3/envs/cogvideox/lib/python3.10/site-packages/transformers/models/auto/tokenization_auto.py", line 1089, in from_pretrained
  File "/mnt/petrelfs/zhangsiyu/miniconda3/envs/cogvideox/lib/python3.10/site-packages/transformers/models/auto/tokenization_auto.py", line 1089, in from_pretrained
  File "/mnt/petrelfs/zhangsiyu/miniconda3/envs/cogvideox/lib/python3.10/site-packages/transformers/models/auto/tokenization_auto.py", line 1089, in from_pretrained
  File "/mnt/petrelfs/zhangsiyu/miniconda3/envs/cogvideox/lib/python3.10/site-packages/transformers/models/auto/tokenization_auto.py", line 1089, in from_pretrained
  File "/mnt/petrelfs/zhangsiyu/miniconda3/envs/cogvideox/lib/python3.10/site-packages/transformers/models/auto/tokenization_auto.py", line 1089, in from_pretrained
  File "/mnt/petrelfs/zhangsiyu/miniconda3/envs/cogvideox/lib/python3.10/site-packages/transformers/models/auto/tokenization_auto.py", line 1089, in from_pretrained
                            tokenizer_config = get_tokenizer_config(pretrained_model_name_or_path, **kwargs)tokenizer_config = get_tokenizer_config(pretrained_model_name_or_path, **kwargs)tokenizer_config = get_tokenizer_config(pretrained_model_name_or_path, **kwargs)tokenizer_config = get_tokenizer_config(pretrained_model_name_or_path, **kwargs)tokenizer_config = get_tokenizer_config(pretrained_model_name_or_path, **kwargs)
tokenizer_config = get_tokenizer_config(pretrained_model_name_or_path, **kwargs)
tokenizer_config = get_tokenizer_config(pretrained_model_name_or_path, **kwargs)



  File "/mnt/petrelfs/zhangsiyu/miniconda3/envs/cogvideox/lib/python3.10/site-packages/transformers/models/auto/tokenization_auto.py", line 921, in get_tokenizer_config
  File "/mnt/petrelfs/zhangsiyu/miniconda3/envs/cogvideox/lib/python3.10/site-packages/transformers/models/auto/tokenization_auto.py", line 921, in get_tokenizer_config

  File "/mnt/petrelfs/zhangsiyu/miniconda3/envs/cogvideox/lib/python3.10/site-packages/transformers/models/auto/tokenization_auto.py", line 921, in get_tokenizer_config
  File "/mnt/petrelfs/zhangsiyu/miniconda3/envs/cogvideox/lib/python3.10/site-packages/transformers/models/auto/tokenization_auto.py", line 921, in get_tokenizer_config
  File "/mnt/petrelfs/zhangsiyu/miniconda3/envs/cogvideox/lib/python3.10/site-packages/transformers/models/auto/tokenization_auto.py", line 921, in get_tokenizer_config
  File "/mnt/petrelfs/zhangsiyu/miniconda3/envs/cogvideox/lib/python3.10/site-packages/transformers/models/auto/tokenization_auto.py", line 921, in get_tokenizer_config
  File "/mnt/petrelfs/zhangsiyu/miniconda3/envs/cogvideox/lib/python3.10/site-packages/transformers/models/auto/tokenization_auto.py", line 921, in get_tokenizer_config
    tokenizer_config = get_tokenizer_config(pretrained_model_name_or_path, **kwargs)
  File "/mnt/petrelfs/zhangsiyu/miniconda3/envs/cogvideox/lib/python3.10/site-packages/transformers/models/auto/tokenization_auto.py", line 921, in get_tokenizer_config
        resolved_config_file = cached_file(    resolved_config_file = cached_file(
        
    resolved_config_file = cached_file(  File "/mnt/petrelfs/zhangsiyu/miniconda3/envs/cogvideox/lib/python3.10/site-packages/transformers/utils/hub.py", line 322, in cached_file
resolved_config_file = cached_file(resolved_config_file = cached_file(      File "/mnt/petrelfs/zhangsiyu/miniconda3/envs/cogvideox/lib/python3.10/site-packages/transformers/utils/hub.py", line 322, in cached_file


resolved_config_file = cached_file(
resolved_config_file = cached_file(  File "/mnt/petrelfs/zhangsiyu/miniconda3/envs/cogvideox/lib/python3.10/site-packages/transformers/utils/hub.py", line 322, in cached_file
  File "/mnt/petrelfs/zhangsiyu/miniconda3/envs/cogvideox/lib/python3.10/site-packages/transformers/utils/hub.py", line 322, in cached_file

  File "/mnt/petrelfs/zhangsiyu/miniconda3/envs/cogvideox/lib/python3.10/site-packages/transformers/utils/hub.py", line 322, in cached_file

  File "/mnt/petrelfs/zhangsiyu/miniconda3/envs/cogvideox/lib/python3.10/site-packages/transformers/utils/hub.py", line 322, in cached_file
  File "/mnt/petrelfs/zhangsiyu/miniconda3/envs/cogvideox/lib/python3.10/site-packages/transformers/utils/hub.py", line 322, in cached_file
    resolved_config_file = cached_file(    
    file = cached_files(path_or_repo_id=path_or_repo_id, filenames=[filename], **kwargs)  File "/mnt/petrelfs/zhangsiyu/miniconda3/envs/cogvideox/lib/python3.10/site-packages/transformers/utils/hub.py", line 322, in cached_file
    file = cached_files(path_or_repo_id=path_or_repo_id, filenames=[filename], **kwargs)    
    
file = cached_files(path_or_repo_id=path_or_repo_id, filenames=[filename], **kwargs)  File "/mnt/petrelfs/zhangsiyu/miniconda3/envs/cogvideox/lib/python3.10/site-packages/transformers/utils/hub.py", line 511, in cached_files
file = cached_files(path_or_repo_id=path_or_repo_id, filenames=[filename], **kwargs)file = cached_files(path_or_repo_id=path_or_repo_id, filenames=[filename], **kwargs)  File "/mnt/petrelfs/zhangsiyu/miniconda3/envs/cogvideox/lib/python3.10/site-packages/transformers/utils/hub.py", line 511, in cached_files

    

  File "/mnt/petrelfs/zhangsiyu/miniconda3/envs/cogvideox/lib/python3.10/site-packages/transformers/utils/hub.py", line 511, in cached_files
file = cached_files(path_or_repo_id=path_or_repo_id, filenames=[filename], **kwargs)  File "/mnt/petrelfs/zhangsiyu/miniconda3/envs/cogvideox/lib/python3.10/site-packages/transformers/utils/hub.py", line 511, in cached_files
  File "/mnt/petrelfs/zhangsiyu/miniconda3/envs/cogvideox/lib/python3.10/site-packages/transformers/utils/hub.py", line 511, in cached_files

      File "/mnt/petrelfs/zhangsiyu/miniconda3/envs/cogvideox/lib/python3.10/site-packages/transformers/utils/hub.py", line 511, in cached_files
file = cached_files(path_or_repo_id=path_or_repo_id, filenames=[filename], **kwargs)
  File "/mnt/petrelfs/zhangsiyu/miniconda3/envs/cogvideox/lib/python3.10/site-packages/transformers/utils/hub.py", line 511, in cached_files
    file = cached_files(path_or_repo_id=path_or_repo_id, filenames=[filename], **kwargs)
          File "/mnt/petrelfs/zhangsiyu/miniconda3/envs/cogvideox/lib/python3.10/site-packages/transformers/utils/hub.py", line 511, in cached_files
raise OSError(raise OSError(
        
raise OSError(OSError    raise OSError(OSError
    : 
raise OSError(: OSErrorraise OSError(THUDM/CogVideoX1.5-5B is not a local folder and is not a valid model identifier listed on 'https://huggingface.co/models'
If this is a private repository, make sure to pass a token having permission to this repo either by logging in with `hf auth login` or by passing `token=<your_token>`OSError
THUDM/CogVideoX1.5-5B is not a local folder and is not a valid model identifier listed on 'https://huggingface.co/models'
If this is a private repository, make sure to pass a token having permission to this repo either by logging in with `hf auth login` or by passing `token=<your_token>`
: 
OSError: 
OSErrorTHUDM/CogVideoX1.5-5B is not a local folder and is not a valid model identifier listed on 'https://huggingface.co/models'
If this is a private repository, make sure to pass a token having permission to this repo either by logging in with `hf auth login` or by passing `token=<your_token>`    THUDM/CogVideoX1.5-5B is not a local folder and is not a valid model identifier listed on 'https://huggingface.co/models'
If this is a private repository, make sure to pass a token having permission to this repo either by logging in with `hf auth login` or by passing `token=<your_token>`: 
: raise OSError(
THUDM/CogVideoX1.5-5B is not a local folder and is not a valid model identifier listed on 'https://huggingface.co/models'
If this is a private repository, make sure to pass a token having permission to this repo either by logging in with `hf auth login` or by passing `token=<your_token>`THUDM/CogVideoX1.5-5B is not a local folder and is not a valid model identifier listed on 'https://huggingface.co/models'
If this is a private repository, make sure to pass a token having permission to this repo either by logging in with `hf auth login` or by passing `token=<your_token>`


OSError    : THUDM/CogVideoX1.5-5B is not a local folder and is not a valid model identifier listed on 'https://huggingface.co/models'
If this is a private repository, make sure to pass a token having permission to this repo either by logging in with `hf auth login` or by passing `token=<your_token>`raise OSError(

OSError: THUDM/CogVideoX1.5-5B is not a local folder and is not a valid model identifier listed on 'https://huggingface.co/models'
If this is a private repository, make sure to pass a token having permission to this repo either by logging in with `hf auth login` or by passing `token=<your_token>`
E0120 16:34:57.219000 65125 site-packages/torch/distributed/elastic/multiprocessing/api.py:882] failed (exitcode: 1) local_rank: 0 (pid: 68117) of binary: /mnt/petrelfs/zhangsiyu/miniconda3/envs/cogvideox/bin/python3.10
Traceback (most recent call last):
  File "/mnt/petrelfs/zhangsiyu/miniconda3/envs/cogvideox/bin/accelerate", line 7, in <module>
    sys.exit(main())
  File "/mnt/petrelfs/zhangsiyu/miniconda3/envs/cogvideox/lib/python3.10/site-packages/accelerate/commands/accelerate_cli.py", line 50, in main
    args.func(args)
  File "/mnt/petrelfs/zhangsiyu/miniconda3/envs/cogvideox/lib/python3.10/site-packages/accelerate/commands/launch.py", line 1266, in launch_command
    deepspeed_launcher(args)
  File "/mnt/petrelfs/zhangsiyu/miniconda3/envs/cogvideox/lib/python3.10/site-packages/accelerate/commands/launch.py", line 952, in deepspeed_launcher
    distrib_run.run(args)
  File "/mnt/petrelfs/zhangsiyu/miniconda3/envs/cogvideox/lib/python3.10/site-packages/torch/distributed/run.py", line 927, in run
    elastic_launch(
  File "/mnt/petrelfs/zhangsiyu/miniconda3/envs/cogvideox/lib/python3.10/site-packages/torch/distributed/launcher/api.py", line 156, in __call__
    return launch_agent(self._config, self._entrypoint, list(args))
  File "/mnt/petrelfs/zhangsiyu/miniconda3/envs/cogvideox/lib/python3.10/site-packages/torch/distributed/launcher/api.py", line 293, in launch_agent
    raise ChildFailedError(
torch.distributed.elastic.multiprocessing.errors.ChildFailedError: 
============================================================
train.py FAILED
------------------------------------------------------------
Failures:
[1]:
  time      : 2026-01-20_16:34:57
  host      : HOST-10-140-66-180
  rank      : 1 (local_rank: 1)
  exitcode  : 1 (pid: 68118)
  error_file: <N/A>
  traceback : To enable traceback see: https://pytorch.org/docs/stable/elastic/errors.html
[2]:
  time      : 2026-01-20_16:34:57
  host      : HOST-10-140-66-180
  rank      : 2 (local_rank: 2)
  exitcode  : 1 (pid: 68119)
  error_file: <N/A>
  traceback : To enable traceback see: https://pytorch.org/docs/stable/elastic/errors.html
[3]:
  time      : 2026-01-20_16:34:57
  host      : HOST-10-140-66-180
  rank      : 3 (local_rank: 3)
  exitcode  : 1 (pid: 68120)
  error_file: <N/A>
  traceback : To enable traceback see: https://pytorch.org/docs/stable/elastic/errors.html
[4]:
  time      : 2026-01-20_16:34:57
  host      : HOST-10-140-66-180
  rank      : 4 (local_rank: 4)
  exitcode  : 1 (pid: 68121)
  error_file: <N/A>
  traceback : To enable traceback see: https://pytorch.org/docs/stable/elastic/errors.html
[5]:
  time      : 2026-01-20_16:34:57
  host      : HOST-10-140-66-180
  rank      : 5 (local_rank: 5)
  exitcode  : 1 (pid: 68122)
  error_file: <N/A>
  traceback : To enable traceback see: https://pytorch.org/docs/stable/elastic/errors.html
[6]:
  time      : 2026-01-20_16:34:57
  host      : HOST-10-140-66-180
  rank      : 6 (local_rank: 6)
  exitcode  : 1 (pid: 68123)
  error_file: <N/A>
  traceback : To enable traceback see: https://pytorch.org/docs/stable/elastic/errors.html
[7]:
  time      : 2026-01-20_16:34:57
  host      : HOST-10-140-66-180
  rank      : 7 (local_rank: 7)
  exitcode  : 1 (pid: 68124)
  error_file: <N/A>
  traceback : To enable traceback see: https://pytorch.org/docs/stable/elastic/errors.html
------------------------------------------------------------
Root Cause (first observed failure):
[0]:
  time      : 2026-01-20_16:34:57
  host      : HOST-10-140-66-180
  rank      : 0 (local_rank: 0)
  exitcode  : 1 (pid: 68117)
  error_file: <N/A>
  traceback : To enable traceback see: https://pytorch.org/docs/stable/elastic/errors.html
============================================================
srun: error: HOST-10-140-66-180: task 0: Exited with exit code 1
